// Vitest Snapshot v1, https://vitest.dev/guide/snapshot.html

exports[`Gallery component > renders correctly 1`] = `
<ul
  class="gallery"
>
  <li
    class="gallery__item"
  >
    <figure>
      <img
        alt="Image alt tag"
        data-nimg="1"
        decoding="async"
        height="100"
        loading="lazy"
        src="/_next/image?url=%2Fpath%2Fto%2Fimage.jpg&w=1920&q=75"
        srcset="/_next/image?url=%2Fpath%2Fto%2Fimage.jpg&w=640&q=75 1x, /_next/image?url=%2Fpath%2Fto%2Fimage.jpg&w=1920&q=75 2x"
        style="color: transparent;"
        width="640"
      />
    </figure>
  </li>
</ul>
`;
