// Vitest Snapshot v1, https://vitest.dev/guide/snapshot.html

exports[`Gallery component > renders correctly 1`] = `
<ul
  class="gallery"
>
  <li
    class="gallery__item"
  >
    <figure>
      <img
        alt="Image alt tag"
        loading="lazy"
        src="https://res.cloudinary.com/nicolebunge/image/upload/c_fill,f_auto,q_auto/v1627923793/nicolebunge.com/path/to/image.jpg"
      />
    </figure>
  </li>
</ul>
`;
