// Jest Snapshot v1, https://goo.gl/fbAQLP

exports[`Icons component renders correctly 1`] = `
<ul
  class=""
>
  <li>
    <a
      href="https://www.instagram.com/nici.bunge"
      itemprop="sameAs"
      rel="noopener noreferrer"
      target="_blank"
    >
      <img
        alt="Nicole Bunge auf Instagram"
        src="/icons/instagram.svg"
      />
    </a>
  </li>
  <li>
    <a
      href="https://www.linkedin.com/in/nicolebunge"
      itemprop="sameAs"
      rel="noopener noreferrer"
      target="_blank"
    >
      <img
        alt="Nicole Bunge auf LinkedIn"
        src="/icons/linkedin.svg"
      />
    </a>
  </li>
  <li>
    <a
      href="https://www.xing.com/profile/Nicole_Bunge3"
      itemprop="sameAs"
      rel="noopener noreferrer"
      target="_blank"
    >
      <img
        alt="Nicole Bunge auf XING"
        src="/icons/xing.svg"
      />
    </a>
  </li>
</ul>
`;
