// Jest Snapshot v1, https://goo.gl/fbAQLP

exports[`ContactForm component renders correctly 1`] = `
<form
  action="/kontakt/danke"
  data-netlify="true"
  data-netlify-honeypot="bot-field"
  method="post"
  name="contact"
>
  <input
    name="form-name"
    type="hidden"
    value="contact"
  />
  <div
    class=""
  >
    <div
      class="undefined"
    >
      <div>
        <input
          autocomplete="name"
          name="name"
          placeholder="Name"
          required=""
          type="text"
          value=""
        />
        <label
          class=""
          for="name"
        >
          Name
        </label>
      </div>
    </div>
    <div
      class="undefined"
    >
      <div>
        <input
          autocomplete="email"
          name="email"
          placeholder="E-Mail"
          required=""
          type="email"
          value=""
        />
        <label
          class=""
          for="email"
        >
          E-Mail
        </label>
      </div>
    </div>
    <div
      class="undefined"
    >
      <div>
        <textarea
          name="message"
          placeholder="Nachricht"
          required=""
        />
        <label
          class=""
          for="message"
        >
          Nachricht
        </label>
      </div>
    </div>
  </div>
  <div>
    <button
      type="submit"
    >
      Senden
    </button>
  </div>
</form>
`;
