// Jest Snapshot v1, https://goo.gl/fbAQLP

exports[`Gallery component renders correctly 1`] = `
<ul
  class=""
  images="[object Object]"
>
  <li>
    <figure />
  </li>
  <li>
    <figure />
  </li>
  <li>
    <figure />
  </li>
  <li>
    <figure />
  </li>
  <li>
    <figure />
  </li>
  <li>
    <figure />
  </li>
</ul>
`;
