// Vitest Snapshot v1, https://vitest.dev/guide/snapshot.html

exports[`Production component > renders correctly 1`] = `
<p>
  <strong>
    „
    Erbarmen
    “
  </strong>
  , 
  Lis Sørensen
  <br />
  Regie: 
  Wolfgang Rumpf
  ,
   
  <a
    href="https://www.kriminaltheater.de"
    rel="noopener noreferrer"
    target="_blank"
  >
    Berliner Kriminal Theater
  </a>
</p>
`;
