// Jest Snapshot v1, https://goo.gl/fbAQLP

exports[`MainNavigation component renders correctly 1`] = `
<nav
  aria-label="Hauptmenü"
  class="mainNavigation"
  role="navigation"
>
  <button
    aria-label="Menü öffnen"
    class="mainNavigation__button"
    type="button"
  >
    <svg
      height="1em"
      viewBox="0 0 24 24"
      width="1em"
      xmlns="http://www.w3.org/2000/svg"
    >
      <path
        d="M24 6H0V2h24v4zm0 4H0v4h24v-4zm0 8H0v4h24v-4z"
      />
    </svg>
  </button>
  <ul
    class="mainNavigation__list"
  >
    <li
      class="mainNavigation__item"
    >
      <a
        class="mainNavigation__link"
        href="/"
      >
        Index
      </a>
    </li>
  </ul>
</nav>
`;
